powitanie
jeszcze jedno
kolejne
Dośdane